// Jest Snapshot v1, https://goo.gl/fbAQLP

exports[`renders correctly 1`] = `
<div
  className="page-wrapper dark home"
>
  <div>
    <div
      className="stripe top"
      style={
        Object {
          "transform": "none",
          "transformOrigin": "50% 0% 0",
        }
      }
    />
    <div
      className="stripe bottom"
      style={
        Object {
          "transform": "none",
          "transformOrigin": "50% 100% 0",
        }
      }
    />
  </div>
  <div
    className="content-wrapper"
  >
    <section>
      <img
        alt="Mapa de Chile"
        id="map"
        src="/static/images/home/mapa_chile.svg"
      />
      <div
        className="image"
      >
        <img
          alt="Logo JS Conf Chile 2020"
          onError={[Function]}
          onLoad={[Function]}
          src="/static/images/home/js_conf_amarillo.jpg"
        />
      </div>
      <div
        className="text"
      >
        <h1>
          JSCONF
          <span>
            CL
          </span>
        </h1>
        <div
          className="hello-there"
        >
          <div
            className="hello-there"
            overflow="hidden"
            style={
              Object {
                "display": "flex",
                "justifyContent": "center",
              }
            }
            width="100%"
          >
            <span
              style={
                Object {
                  "position": "relative",
                  "transform": "translateY(20px) translateZ(0)",
                }
              }
              width="auto"
            >
              2
            </span>
            <span
              style={
                Object {
                  "position": "relative",
                  "transform": "translateY(20px) translateZ(0)",
                }
              }
              width="auto"
            >
              2
            </span>
            <span
              style={
                Object {
                  "position": "relative",
                  "transform": "translateY(20px) translateZ(0)",
                }
              }
              width="auto"
            >
               
            </span>
            <span
              style={
                Object {
                  "position": "relative",
                  "transform": "translateY(20px) translateZ(0)",
                }
              }
              width="auto"
            >
              -
            </span>
            <span
              style={
                Object {
                  "position": "relative",
                  "transform": "translateY(20px) translateZ(0)",
                }
              }
              width="auto"
            >
               
            </span>
            <span
              style={
                Object {
                  "position": "relative",
                  "transform": "translateY(20px) translateZ(0)",
                }
              }
              width="auto"
            >
              2
            </span>
            <span
              style={
                Object {
                  "position": "relative",
                  "transform": "translateY(20px) translateZ(0)",
                }
              }
              width="auto"
            >
              3
            </span>
            <span
              style={
                Object {
                  "position": "relative",
                  "transform": "translateY(20px) translateZ(0)",
                }
              }
              width="auto"
            >
               
            </span>
            <span
              style={
                Object {
                  "position": "relative",
                  "transform": "translateY(20px) translateZ(0)",
                }
              }
              width="auto"
            >
              O
            </span>
            <span
              style={
                Object {
                  "position": "relative",
                  "transform": "translateY(20px) translateZ(0)",
                }
              }
              width="auto"
            >
              c
            </span>
            <span
              style={
                Object {
                  "position": "relative",
                  "transform": "translateY(20px) translateZ(0)",
                }
              }
              width="auto"
            >
              t
            </span>
            <span
              style={
                Object {
                  "position": "relative",
                  "transform": "translateY(20px) translateZ(0)",
                }
              }
              width="auto"
            >
              u
            </span>
            <span
              style={
                Object {
                  "position": "relative",
                  "transform": "translateY(20px) translateZ(0)",
                }
              }
              width="auto"
            >
              b
            </span>
            <span
              style={
                Object {
                  "position": "relative",
                  "transform": "translateY(20px) translateZ(0)",
                }
              }
              width="auto"
            >
              r
            </span>
            <span
              style={
                Object {
                  "position": "relative",
                  "transform": "translateY(20px) translateZ(0)",
                }
              }
              width="auto"
            >
              e
            </span>
          </div>
        </div>
      </div>
      <div
        className="subscribe-form"
      >
        <p>
          Entérate de todas nuestras novedades y avances!
        </p>
        <p>
          (Descuida: detestamos tanto el spam como tú)
        </p>
        <form
          className="input"
        >
          <input
            id="email"
            name="email-input"
            type="text"
          />
          <button
            type="submit"
          >
            <svg
              viewBox="0 0 20 20"
              xmlns="http://www.w3.org/2000/svg"
            >
              <path
                d="M0 3v18h24v-18h-24zm6.623 7.929l-4.623 5.712v-9.458l4.623 3.746zm-4.141-5.929h19.035l-9.517 7.713-9.518-7.713zm5.694 7.188l3.824 3.099 3.83-3.104 5.612 6.817h-18.779l5.513-6.812zm9.208-1.264l4.616-3.741v9.348l-4.616-5.607z"
              />
            </svg>
          </button>
        </form>
      </div>
    </section>
  </div>
</div>
`;
